###############################################################################
#
# IAR ELF Linker V9.10.1.308/W64 for ARM                  08/Jun/2021  12:13:09
# Copyright 2007-2021 IAR Systems AB.
#
#    Output file  =
#        C:\Users\Dazer\Documents\GitHub\Tesla_coil_V1\soft\TeslaCoilV1.0.2\Debug\Exe\TeslaV.1.0.2.out
#    Map file     =
#        C:\Users\Dazer\Documents\GitHub\Tesla_coil_V1\soft\TeslaCoilV1.0.2\Debug\List\TeslaV.1.0.2.map
#    Command line =
#        -f
#        C:\Users\Dazer\Documents\GitHub\Tesla_coil_V1\soft\TeslaCoilV1.0.2\Debug\Exe\TeslaV.1.0.2.out.rsp
#        (C:\Users\Dazer\Documents\GitHub\Tesla_coil_V1\soft\TeslaCoilV1.0.2\Debug\Obj\rsc\BluetoothConfig.o
#        C:\Users\Dazer\Documents\GitHub\Tesla_coil_V1\soft\TeslaCoilV1.0.2\Debug\Obj\rsc\Led.o
#        C:\Users\Dazer\Documents\GitHub\Tesla_coil_V1\soft\TeslaCoilV1.0.2\Debug\Obj\main.o
#        C:\Users\Dazer\Documents\GitHub\Tesla_coil_V1\soft\TeslaCoilV1.0.2\Debug\Obj\rsc\midi\MidiControllers.o
#        C:\Users\Dazer\Documents\GitHub\Tesla_coil_V1\soft\TeslaCoilV1.0.2\Debug\Obj\rsc\midi\Player.o
#        C:\Users\Dazer\Documents\GitHub\Tesla_coil_V1\soft\TeslaCoilV1.0.2\Debug\Obj\rsc\ProcessingData\ProcessInterrupterData.o
#        C:\Users\Dazer\Documents\GitHub\Tesla_coil_V1\soft\TeslaCoilV1.0.2\Debug\Obj\rsc\ProcessingData\ProcessMidiData.o
#        C:\Users\Dazer\Documents\GitHub\Tesla_coil_V1\soft\TeslaCoilV1.0.2\Debug\Obj\rsc\midi\ProcessMidiEvents.o
#        C:\Users\Dazer\Documents\GitHub\Tesla_coil_V1\soft\TeslaCoilV1.0.2\Debug\Obj\rsc\ProcessingData\ProcessSystemData.o
#        C:\Users\Dazer\Documents\GitHub\Tesla_coil_V1\soft\TeslaCoilV1.0.2\Debug\Obj\rsc\Protection.o
#        C:\Users\Dazer\Documents\GitHub\Tesla_coil_V1\soft\TeslaCoilV1.0.2\Debug\Obj\rsc\Serial.o
#        C:\Users\Dazer\Documents\GitHub\Tesla_coil_V1\soft\TeslaCoilV1.0.2\Debug\Obj\rsc\startup_stm32f042x6.o
#        C:\Users\Dazer\Documents\GitHub\Tesla_coil_V1\soft\TeslaCoilV1.0.2\Debug\Obj\rsc\System.o
#        C:\Users\Dazer\Documents\GitHub\Tesla_coil_V1\soft\TeslaCoilV1.0.2\Debug\Obj\rsc\system_stm32f0xx.o
#        C:\Users\Dazer\Documents\GitHub\Tesla_coil_V1\soft\TeslaCoilV1.0.2\Debug\Obj\rsc\Timers.o
#        C:\Users\Dazer\Documents\GitHub\Tesla_coil_V1\soft\TeslaCoilV1.0.2\Debug\Obj\rsc\Util.o
#        --no_out_extension -o
#        C:\Users\Dazer\Documents\GitHub\Tesla_coil_V1\soft\TeslaCoilV1.0.2\Debug\Exe\TeslaV.1.0.2.out
#        --redirect _Printf=_PrintfFullNoMb --redirect _Scanf=_ScanfFullNoMb
#        --map
#        C:\Users\Dazer\Documents\GitHub\Tesla_coil_V1\soft\TeslaCoilV1.0.2\Debug\List\TeslaV.1.0.2.map
#        --config "C:\Program Files\IAR Systems\Embedded Workbench
#        9.0\arm\config\linker\ST\stm32f042x4.icf" --semihosting --entry
#        __iar_program_start --vfe --text_out locale)
#
###############################################################################

*******************************************************************************
*** RUNTIME MODEL ATTRIBUTES
***

CppFlavor       = *
__SystemLibrary = DLib
__dlib_version  = 6


*******************************************************************************
*** HEAP SELECTION
***

The basic heap was selected because some modules are built with
size limitations (and not runtime checking), and --advanced_heap
was not specified.


*******************************************************************************
*** PLACEMENT SUMMARY
***

"A0":  place at address 0x800'0000 { ro section .intvec };
"P1":  place in [from 0x800'0000 to 0x800'3fff] { ro };
define block CSTACK with size = 1K, alignment = 8 { };
define block HEAP with size = 1K, alignment = 8 { };
"P2":  place in [from 0x2000'0000 to 0x2000'17ff] {
          rw, block CSTACK, block HEAP };
initialize by copy { rw };

  Section            Kind         Address    Size  Object
  -------            ----         -------    ----  ------
"A0":                                        0xc0
  .intvec            ro code   0x800'0000    0xc0  startup_stm32f042x6.o [2]
                             - 0x800'00c0    0xc0

"P1":                                      0x34f9
  .text              ro code   0x800'00c0   0x5ac  pow64.o [6]
  .text              ro code   0x800'066c    0x24  DblCmpEq.o [6]
  .text              ro code   0x800'0690    0x54  dlib6_support.o [6]
  .text              ro code   0x800'06e4    0x2a  frexp.o [6]
  .text              ro code   0x800'070e    0x32  DblCmpLe.o [6]
  .text              ro code   0x800'0740    0x70  ldexp.o [6]
  .text              ro code   0x800'07b0   0x184  DblMul.o [6]
  .text              ro code   0x800'0934   0x1b4  DblAddSub.o [6]
  .text              ro code   0x800'0ae8    0x52  DblToI32.o [6]
  .text              ro code   0x800'0b3a    0x3e  packbits_init_single.o [7]
  .text              ro code   0x800'0b78    0x34  IxxToDbl.o [6]
  .text              ro code   0x800'0bac    0xc2  DblDiv.o [6]
  .text              ro code   0x800'0c6e    0x32  DblCmpGe.o [6]
  .text              ro code   0x800'0ca0   0x2f4  iar_Exp64.o [6]
  .text              ro code   0x800'0f94    0x3c  startup_stm32f042x6.o [2]
  .rodata            const     0x800'0fd0   0x420  pow64.o [6]
  .text              ro code   0x800'13f0   0x410  Serial.o [2]
  .text              ro code   0x800'1800    0xe0  I32DivModFast.o [7]
  .text              ro code   0x800'18e0   0x1f0  Util.o [2]
  .text              ro code   0x800'1ad0    0x2e  strstr.o [5]
  .text              ro code   0x800'1afe     0x2  startup_stm32f042x6.o [2]
  .text              ro code   0x800'1b00   0x268  BluetoothConfig.o [2]
  .text              ro code   0x800'1d68    0x30  ProcessSystemData.o [3]
  .text              ro code   0x800'1d98   0x10c  ProcessInterrupterData.o [3]
  .text              ro code   0x800'1ea4   0x1e4  ProcessMidiData.o [3]
  .text              ro code   0x800'2088     0x2  IntDivZer.o [7]
  .text              ro code   0x800'208a   0x120  FltAddSub.o [6]
  .text              ro code   0x800'21aa    0xa4  FltDiv.o [6]
  .text              ro code   0x800'224e    0xb0  FltMul.o [6]
  .text              ro code   0x800'22fe     0x2  startup_stm32f042x6.o [2]
  .text              ro code   0x800'2300    0x3a  FltToS32.o [6]
  .text              ro code   0x800'233a     0x2  startup_stm32f042x6.o [2]
  .text              ro code   0x800'233c    0x32  FltToDbl.o [6]
  .text              ro code   0x800'236e    0x62  DblToFlt.o [6]
  .text              ro code   0x800'23d0    0x46  ABImemset.o [7]
  .text              ro code   0x800'2416     0x2  startup_stm32f042x6.o [2]
  .text              ro code   0x800'2418    0x36  IxxToFlt.o [6]
  .text              ro code   0x800'244e     0x2  startup_stm32f042x6.o [2]
  .text              ro code   0x800'2450    0x26  FltToU32.o [6]
  .text              ro code   0x800'2476     0x2  startup_stm32f042x6.o [2]
  .text              ro code   0x800'2478   0x358  Timers.o [2]
  .text              ro code   0x800'27d0    0x12  strchr.o [7]
  .text              ro code   0x800'27e2     0x2  startup_stm32f042x6.o [2]
  .text              ro code   0x800'27e4   0x10c  Led.o [2]
  .text              ro code   0x800'28f0   0x13c  System.o [2]
  .text              ro code   0x800'2a2c     0xe  strlen.o [7]
  .text              ro code   0x800'2a3a     0x2  startup_stm32f042x6.o [2]
  .text              ro code   0x800'2a3c   0x294  Protection.o [2]
  .text              ro code   0x800'2cd0   0x274  ProcessMidiEvents.o [4]
  .text              ro code   0x800'2f44   0x1c8  Player.o [4]
  .text              ro code   0x800'310c   0x134  MidiControllers.o [4]
  .text              ro code   0x800'3240    0x28  FltCmpGe.o [6]
  .rodata            const     0x800'3268   0x100  Util.o [2]
  .text              ro code   0x800'3368    0x74  main.o [1]
  .text              ro code   0x800'33dc    0x60  system_stm32f0xx.o [2]
  .text              ro code   0x800'343c    0x3c  zero_init3.o [7]
  .text              ro code   0x800'3478    0x28  data_init.o [7]
  .iar.init_table    const     0x800'34a0    0x20  - Linker created -
  .text              ro code   0x800'34c0    0x1e  cmain.o [7]
  .text              ro code   0x800'34de     0x4  low_level_init.o [5]
  .text              ro code   0x800'34e2     0x8  exit.o [5]
  .text              ro code   0x800'34ea     0x2  startup_stm32f042x6.o [2]
  .text              ro code   0x800'34ec     0xa  cexit.o [7]
  .text              ro code   0x800'34f6     0x2  startup_stm32f042x6.o [2]
  .text              ro code   0x800'34f8    0x14  exit.o [8]
  .text              ro code   0x800'350c    0x1c  cstartup_M.o [7]
  .text              ro code   0x800'3528     0x2  startup_stm32f042x6.o [2]
  .text              ro code   0x800'352a     0x2  startup_stm32f042x6.o [2]
  .text              ro code   0x800'352c     0x2  startup_stm32f042x6.o [2]
  .text              ro code   0x800'352e     0x2  startup_stm32f042x6.o [2]
  .text              ro code   0x800'3530     0x2  startup_stm32f042x6.o [2]
  .text              ro code   0x800'3532     0x2  startup_stm32f042x6.o [2]
  .text              ro code   0x800'3534     0x2  startup_stm32f042x6.o [2]
  .text              ro code   0x800'3536     0x2  startup_stm32f042x6.o [2]
  .text              ro code   0x800'3538     0x2  startup_stm32f042x6.o [2]
  .text              ro code   0x800'353a     0x2  startup_stm32f042x6.o [2]
  .text              ro code   0x800'353c     0x2  startup_stm32f042x6.o [2]
  .text              ro code   0x800'353e     0x2  startup_stm32f042x6.o [2]
  .text              ro code   0x800'3540     0x2  startup_stm32f042x6.o [2]
  .text              ro code   0x800'3542     0x2  startup_stm32f042x6.o [2]
  .text              ro code   0x800'3544     0x2  startup_stm32f042x6.o [2]
  .rodata            const     0x800'3546     0x0  zero_init3.o [7]
  .rodata            const     0x800'3546     0x0  packbits_init_single.o [7]
  Initializer bytes  const     0x800'3546    0x73  <for P2-1>
                             - 0x800'35b9  0x34f9

"P2", part 1 of 3:                           0xa1
  P2-1                        0x2000'0000    0xa1  <Init block>
    .data            inited   0x2000'0000    0x80  BluetoothConfig.o [2]
    .data            inited   0x2000'0080    0x18  Player.o [4]
    .data            inited   0x2000'0098     0x4  system_stm32f0xx.o [2]
    .data            inited   0x2000'009c     0x4  MidiControllers.o [4]
    .data            inited   0x2000'00a0     0x1  Util.o [2]
                            - 0x2000'00a1    0xa1

"P2", part 2 of 3:                          0x58c
  .bss               zero     0x2000'00a4   0x248  Player.o [4]
  .bss               zero     0x2000'02ec   0x1b8  Player.o [4]
  .bss               zero     0x2000'04a4    0x6c  Timers.o [2]
  .bss               zero     0x2000'0510    0x40  ProcessMidiEvents.o [4]
  .bss               zero     0x2000'0550    0x40  ProcessMidiEvents.o [4]
  .bss               zero     0x2000'0590    0x38  Protection.o [2]
  .bss               zero     0x2000'05c8    0x34  Serial.o [2]
  .bss               zero     0x2000'05fc    0x14  Serial.o [2]
  .bss               zero     0x2000'0610     0xc  ProcessInterrupterData.o [3]
  .bss               zero     0x2000'061c     0x4  Led.o [2]
  .bss               zero     0x2000'0620     0x4  Serial.o [2]
  .bss               zero     0x2000'0624     0x2  MidiControllers.o [4]
  .bss               zero     0x2000'0626     0x2  MidiControllers.o [4]
  .bss               zero     0x2000'0628     0x2  Serial.o [2]
  .bss               zero     0x2000'062a     0x2  Util.o [2]
  .bss               zero     0x2000'062c     0x1  System.o [2]
  .bss               zero     0x2000'062d     0x1  Util.o [2]
                            - 0x2000'062e   0x58a

"P2", part 3 of 3:                          0x400
  CSTACK                      0x2000'0630   0x400  <Block>
    CSTACK           uninit   0x2000'0630   0x400  <Block tail>
                            - 0x2000'0a30   0x400

Unused ranges:

         From           To   Size
         ----           --   ----
   0x800'35b9   0x800'3fff  0xa47
  0x2000'00a1  0x2000'00a3    0x3
  0x2000'0a30  0x2000'17ff  0xdd0


*******************************************************************************
*** INIT TABLE
***

          Address      Size
          -------      ----
Zero (__iar_zero_init3)
    1 destination range, total size 0x58a:
          0x2000'00a4  0x58a

Copy/packbits (__iar_packbits_init_single3)
    1 source range, total size 0x73 (71% of destination):
           0x800'3546   0x73
    1 destination range, total size 0xa1:
          0x2000'0000   0xa1



*******************************************************************************
*** MODULE SUMMARY
***

    Module                    ro code  ro data  rw data
    ------                    -------  -------  -------
command line/config:
    ---------------------------------------------------
    Total:

C:\Users\Dazer\Documents\GitHub\Tesla_coil_V1\soft\TeslaCoilV1.0.2\Debug\Obj: [1]
    main.o                        116
    ---------------------------------------------------
    Total:                        116

C:\Users\Dazer\Documents\GitHub\Tesla_coil_V1\soft\TeslaCoilV1.0.2\Debug\Obj\rsc: [2]
    BluetoothConfig.o             616       91      128
    Led.o                         268                 4
    Protection.o                  660                56
    Serial.o                    1'040                78
    System.o                      316                 1
    Timers.o                      856               108
    Util.o                        496      257        4
    startup_stm32f042x6.o         302
    system_stm32f0xx.o             96        3        4
    ---------------------------------------------------
    Total:                      4'650      351      383

C:\Users\Dazer\Documents\GitHub\Tesla_coil_V1\soft\TeslaCoilV1.0.2\Debug\Obj\rsc\ProcessingData: [3]
    ProcessInterrupterData.o      268                12
    ProcessMidiData.o             484
    ProcessSystemData.o            48
    ---------------------------------------------------
    Total:                        800                12

C:\Users\Dazer\Documents\GitHub\Tesla_coil_V1\soft\TeslaCoilV1.0.2\Debug\Obj\rsc\midi: [4]
    MidiControllers.o             308        3        8
    Player.o                      456       17    1'048
    ProcessMidiEvents.o           628               128
    ---------------------------------------------------
    Total:                      1'392       20    1'184

dl6M_tln.a: [5]
    exit.o                          8
    low_level_init.o                4
    strstr.o                       46
    ---------------------------------------------------
    Total:                         58

m6M_tl.a: [6]
    DblAddSub.o                   436
    DblCmpEq.o                     36
    DblCmpGe.o                     50
    DblCmpLe.o                     50
    DblDiv.o                      194
    DblMul.o                      388
    DblToFlt.o                     98
    DblToI32.o                     82
    FltAddSub.o                   288
    FltCmpGe.o                     40
    FltDiv.o                      164
    FltMul.o                      176
    FltToDbl.o                     50
    FltToS32.o                     58
    FltToU32.o                     38
    IxxToDbl.o                     52
    IxxToFlt.o                     54
    dlib6_support.o                84
    frexp.o                        42
    iar_Exp64.o                   756
    ldexp.o                       112
    pow64.o                     1'452    1'056
    ---------------------------------------------------
    Total:                      4'700    1'056

rt6M_tl.a: [7]
    ABImemset.o                    70
    I32DivModFast.o               224
    IntDivZer.o                     2
    cexit.o                        10
    cmain.o                        30
    cstartup_M.o                   28
    data_init.o                    40
    packbits_init_single.o         62
    strchr.o                       18
    strlen.o                       14
    zero_init3.o                   60
    ---------------------------------------------------
    Total:                        558

shb_l.a: [8]
    exit.o                         20
    ---------------------------------------------------
    Total:                         20

    Linker created                          32    1'024
-------------------------------------------------------
    Grand Total:               12'294    1'459    2'603


*******************************************************************************
*** ENTRY LIST
***

Entry                       Address   Size  Type      Object
-----                       -------   ----  ----      ------
.iar.init_table$$Base    0x800'34a0          --   Gb  - Linker created -
.iar.init_table$$Limit   0x800'34c0          --   Gb  - Linker created -
?main                    0x800'34c1         Code  Gb  cmain.o [7]
ATCommands              0x2000'004c   0x34  Data  Gb  BluetoothConfig.o [2]
AttackVal               0x2000'0624    0x2  Data  Gb  MidiControllers.o [4]
CSTACK$$Base            0x2000'0630          --   Gb  - Linker created -
CSTACK$$Limit           0x2000'0a30          --   Gb  - Linker created -
ChangeConnection         0x800'1c83   0x2e  Code  Gb  BluetoothConfig.o [2]
Connected                0x800'1c4d   0x1c  Code  Gb  BluetoothConfig.o [2]
ControllerHandler        0x800'2eb3   0x32  Code  Gb  ProcessMidiEvents.o [4]
CountTimeOffModulater   0x2000'061a    0x2  Data  Gb  ProcessInterrupterData.o [3]
CountTimeOnModulater    0x2000'0618    0x2  Data  Gb  ProcessInterrupterData.o [3]
CurrentEvent            0x2000'0005    0x1  Data  Gb  BluetoothConfig.o [2]
DMA1_Channel1_IRQHandler
                         0x800'2b49   0x12  Code  Gb  Protection.o [2]
DMA1_Channel2_3_IRQHandler
                         0x800'150b   0x12  Code  Gb  Serial.o [2]
DecayVal                0x2000'009c    0x2  Data  Gb  MidiControllers.o [4]
Disconnected             0x800'1c69   0x1a  Code  Gb  BluetoothConfig.o [2]
MaxTicksFile            0x2000'0094    0x4  Data  Gb  Player.o [4]
MidiControllers         0x2000'0550   0x40  Data  Gb  ProcessMidiEvents.o [4]
MidiEventTicks          0x2000'00a4  0x248  Data  Gb  Player.o [4]
MidiEvents              0x2000'02ec  0x1b8  Data  Gb  Player.o [4]
NoteOffHandler           0x800'2e2b   0x88  Code  Gb  ProcessMidiEvents.o [4]
NoteOnHandler            0x800'2d8b   0xa0  Code  Gb  ProcessMidiEvents.o [4]
PitchBendHandler         0x800'2ee5   0x4c  Code  Gb  ProcessMidiEvents.o [4]
PlayerBegen              0x800'2f45   0x38  Code  Gb  Player.o [4]
Region$$Table$$Base      0x800'34a0          --   Gb  - Linker created -
Region$$Table$$Limit     0x800'34c0          --   Gb  - Linker created -
ReleaseVal              0x2000'0626    0x2  Data  Gb  MidiControllers.o [4]
ResetAllTimers           0x800'2601   0x24  Code  Gb  Timers.o [2]
Resolution              0x2000'0084    0x2  Data  Gb  Player.o [4]
SetTempoHandler          0x800'2d39   0x20  Code  Gb  ProcessMidiEvents.o [4]
SustainVal              0x2000'009e    0x2  Data  Gb  MidiControllers.o [4]
SystemCoreClock         0x2000'0098    0x4  Data  Gb  system_stm32f0xx.o [2]
SystemError              0x800'29c5   0x28  Code  Gb  System.o [2]
SystemInit               0x800'33dd   0x48  Code  Gb  system_stm32f0xx.o [2]
TIM14_IRQHandler         0x800'2759    0xa  Code  Gb  Timers.o [2]
TIM16_IRQHandler         0x800'2769    0xa  Code  Gb  Timers.o [2]
TIM17_IRQHandler         0x800'2779    0xa  Code  Gb  Timers.o [2]
TIM1_BRK_UP_TRG_COM_IRQHandler
                         0x800'3061   0x1a  Code  Gb  Player.o [4]
Tempo                   0x2000'008c    0x4  Data  Gb  Player.o [4]
Timers                  0x2000'04a4   0x6c  Data  Gb  Timers.o [2]
TpansmitValuesProtection
                         0x800'2b5d   0x74  Code  Gb  Protection.o [2]
TransmitFrame            0x800'151d   0x4e  Code  Gb  Serial.o [2]
USART1_IRQHandler        0x800'15a1   0xe2  Code  Gb  Serial.o [2]
UsartWriteDMA            0x800'14eb   0x20  Code  Gb  Serial.o [2]
Volume                  0x2000'00a0    0x1  Data  Gb  Util.o [2]
__ICFEDIT_region_RAM_end__ {Abs}
                        0x2000'17ff         Data  Gb  <internal module>
__ICFEDIT_region_RAM_start__ {Abs}
                        0x2000'0000         Data  Gb  <internal module>
__aeabi_cdcmpeq          0x800'066d         Code  Gb  DblCmpEq.o [6]
__aeabi_cdcmple          0x800'070f         Code  Gb  DblCmpLe.o [6]
__aeabi_cdrcmple         0x800'0c6f         Code  Gb  DblCmpGe.o [6]
__aeabi_cfrcmple         0x800'3241         Code  Gb  FltCmpGe.o [6]
__aeabi_d2f              0x800'236f         Code  Gb  DblToFlt.o [6]
__aeabi_d2iz             0x800'0ae9         Code  Gb  DblToI32.o [6]
__aeabi_d2uiz            0x800'0b0d         Code  Gb  DblToI32.o [6]
__aeabi_dadd             0x800'0935         Code  Gb  DblAddSub.o [6]
__aeabi_ddiv             0x800'0bad         Code  Gb  DblDiv.o [6]
__aeabi_dmul             0x800'07b1         Code  Gb  DblMul.o [6]
__aeabi_dsub             0x800'09fb         Code  Gb  DblAddSub.o [6]
__aeabi_f2d              0x800'233d         Code  Gb  FltToDbl.o [6]
__aeabi_f2iz             0x800'2301         Code  Gb  FltToS32.o [6]
__aeabi_f2uiz            0x800'2451         Code  Gb  FltToU32.o [6]
__aeabi_fadd             0x800'208b         Code  Gb  FltAddSub.o [6]
__aeabi_fdiv             0x800'21ab         Code  Gb  FltDiv.o [6]
__aeabi_fmul             0x800'224f         Code  Gb  FltMul.o [6]
__aeabi_fsub             0x800'20fb         Code  Gb  FltAddSub.o [6]
__aeabi_i2d              0x800'0b99         Code  Gb  IxxToDbl.o [6]
__aeabi_i2f              0x800'2439         Code  Gb  IxxToFlt.o [6]
__aeabi_idiv             0x800'182d         Code  Gb  I32DivModFast.o [7]
__aeabi_idiv0            0x800'2089         Code  Gb  IntDivZer.o [7]
__aeabi_idivmod          0x800'182d         Code  Gb  I32DivModFast.o [7]
__aeabi_memclr           0x800'23e5         Code  Gb  ABImemset.o [7]
__aeabi_ui2d             0x800'0b79         Code  Gb  IxxToDbl.o [6]
__aeabi_ui2f             0x800'2419         Code  Gb  IxxToFlt.o [6]
__aeabi_uidiv            0x800'1833         Code  Gb  I32DivModFast.o [7]
__aeabi_uidivmod         0x800'1833         Code  Gb  I32DivModFast.o [7]
__cmain                  0x800'34c1         Code  Gb  cmain.o [7]
__exit                   0x800'34f9   0x14  Code  Gb  exit.o [8]
__iar_Exp64              0x800'0ca1  0x2f4  Code  Gb  iar_Exp64.o [6]
__iar_Memset4_word       0x800'23e9         Code  Gb  ABImemset.o [7]
__iar_Memset_word        0x800'23d1         Code  Gb  ABImemset.o [7]
__iar_Strchr             0x800'27d1         Code  Gb  strchr.o [7]
__iar_d2uiz              0x800'0b11         Code  Gb  DblToI32.o [6]
__iar_data_init3         0x800'3479   0x28  Code  Gb  data_init.o [7]
__iar_frexp              0x800'06f1         Code  Gb  frexp.o [6]
__iar_frexp64            0x800'06e5         Code  Gb  frexp.o [6]
__iar_frexpl             0x800'06f1         Code  Gb  frexp.o [6]
__iar_ldexp64            0x800'0741         Code  Gb  ldexp.o [6]
__iar_packbits_init_single3
                         0x800'0b3b   0x3e  Code  Gb  packbits_init_single.o [7]
__iar_pow64              0x800'00c1  0x5ac  Code  Gb  pow64.o [6]
__iar_pow_medium         0x800'00c1  0x5ac  Code  Gb  pow64.o [6]
__iar_pow_medium64       0x800'00c1  0x5ac  Code  Gb  pow64.o [6]
__iar_pow_mediuml        0x800'00c1  0x5ac  Code  Gb  pow64.o [6]
__iar_program_start      0x800'350d         Code  Gb  cstartup_M.o [7]
__iar_scalbln64          0x800'0741         Code  Gb  ldexp.o [6]
__iar_scalbn64           0x800'0741         Code  Gb  ldexp.o [6]
__iar_trunc64            0x800'0691   0x44  Code  Gb  dlib6_support.o [6]
__iar_trunc_0_64         0x800'06d5    0xa  Code  Gb  dlib6_support.o [6]
__iar_zero_init3         0x800'343d   0x3c  Code  Gb  zero_init3.o [7]
__low_level_init         0x800'34df    0x4  Code  Gb  low_level_init.o [5]
__vector_table           0x800'0000         Data  Gb  startup_stm32f042x6.o [2]
_call_main               0x800'34cd         Code  Gb  cmain.o [7]
_exit                    0x800'34ed         Code  Gb  cexit.o [7]
abs                      0x800'1997    0xa  Code  Gb  Util.o [2]
answerCheckConfig        0x800'1b81   0x22  Code  Gb  BluetoothConfig.o [2]
answerConfigurate        0x800'1c35   0x18  Code  Gb  BluetoothConfig.o [2]
baudsTable              0x2000'0010   0x3c  Data  Gb  BluetoothConfig.o [2]
buff                    0x2000'0600   0x10  Data  Gb  Serial.o [2]
calculateTimeTick        0x800'2fb3   0x22  Code  Gb  Player.o [4]
checkConfig              0x800'1b2d   0x54  Code  Gb  BluetoothConfig.o [2]
cleareBuff               0x800'1989    0xe  Code  Gb  Util.o [2]
cleareCounterBluetoothEventTimer
                         0x800'1b1f    0x8  Code  Gb  BluetoothConfig.o [2]
cofigEnd                 0x800'1ba3   0x20  Code  Gb  BluetoothConfig.o [2]
configurate              0x800'1bc3   0x72  Code  Gb  BluetoothConfig.o [2]
convertTemperatureToAdc
                         0x800'1911   0x78  Code  Gb  Util.o [2]
convertVoltageToAdc      0x800'18e1   0x30  Code  Gb  Util.o [2]
countBauds              0x2000'0001    0x1  Data  Gb  BluetoothConfig.o [2]
countBlink              0x2000'061d    0x1  Data  Gb  Led.o [2]
countBuff               0x2000'05fd    0x1  Data  Gb  Serial.o [2]
countBuffMidiEvents     0x2000'0081    0x1  Data  Gb  Player.o [4]
countChangeConnection   0x2000'0007    0x1  Data  Gb  BluetoothConfig.o [2]
countCommands           0x2000'0002    0x1  Data  Gb  BluetoothConfig.o [2]
countDelLed             0x2000'061e    0x2  Data  Gb  Led.o [2]
countPlayTicks          0x2000'0086    0x2  Data  Gb  Player.o [4]
countProcesedMidiEvents
                        0x2000'0080    0x1  Data  Gb  Player.o [4]
countRequests           0x2000'0000    0x1  Data  Gb  BluetoothConfig.o [2]
countRequestsPlayer     0x2000'0083    0x1  Data  Gb  Player.o [4]
countTicks              0x2000'0090    0x4  Data  Gb  Player.o [4]
countTimeOutBluetoothEventTimer
                        0x2000'000a    0x2  Data  Gb  BluetoothConfig.o [2]
countTimerRequests      0x2000'0088    0x2  Data  Gb  Player.o [4]
countTransFrames        0x2000'0629    0x1  Data  Gb  Serial.o [2]
countVoltageValues      0x2000'0593    0x1  Data  Gb  Protection.o [2]
currentBaudRate         0x2000'0620    0x4  Data  Gb  Serial.o [2]
currentStateLed         0x2000'061c    0x1  Data  Gb  Led.o [2]
delayMs                  0x800'29ed   0x1c  Code  Gb  System.o [2]
delayUs                  0x800'2691   0x16  Code  Gb  Timers.o [2]
dutyModulater           0x2000'0612    0x1  Data  Gb  ProcessInterrupterData.o [3]
eventTimer              0x2000'0006    0x1  Data  Gb  BluetoothConfig.o [2]
exit                     0x800'34e3    0x8  Code  Gb  exit.o [5]
freqMolulater           0x2000'0613    0x1  Data  Gb  ProcessInterrupterData.o [3]
frequencyMidiNote        0x800'3268  0x100  Data  Gb  Util.o [2]
frexp                    0x800'06e5         Code  Gb  frexp.o [6]
frexpl                   0x800'06e5         Code  Gb  frexp.o [6]
initClock                0x800'28f1   0x5e  Code  Gb  System.o [2]
initControllers          0x800'2d59   0x14  Code  Gb  ProcessMidiEvents.o [4]
initGPIO                 0x800'296d   0x58  Code  Gb  System.o [2]
initProtection           0x800'2a51   0xf8  Code  Gb  Protection.o [2]
initSystemTimer          0x800'294f   0x1e  Code  Gb  System.o [2]
initTimerPlayer          0x800'2f7d   0x36  Code  Gb  Player.o [4]
initTimers               0x800'2479   0xb8  Code  Gb  Timers.o [2]
initUsart                0x800'13f1   0xe0  Code  Gb  Serial.o [2]
isBluetoothConfig       0x2000'0003    0x1  Data  Gb  BluetoothConfig.o [2]
isBluetoothConfigurate  0x2000'0004    0x1  Data  Gb  BluetoothConfig.o [2]
isConnected             0x2000'0008    0x1  Data  Gb  BluetoothConfig.o [2]
isEnableEnterrupter     0x2000'0611    0x1  Data  Gb  ProcessInterrupterData.o [3]
isEnableModulater       0x2000'0610    0x1  Data  Gb  ProcessInterrupterData.o [3]
isError                 0x2000'062c    0x1  Data  Gb  System.o [2]
isLowVoltageProtect     0x2000'0591    0x1  Data  Gb  Protection.o [2]
isOffOutPin             0x2000'0592    0x1  Data  Gb  Protection.o [2]
isRequestBuffPlayer     0x2000'0082    0x1  Data  Gb  Player.o [4]
isTermalProtect         0x2000'0590    0x1  Data  Gb  Protection.o [2]
isUseVelocity           0x2000'062d    0x1  Data  Gb  Util.o [2]
ldexp                    0x800'0741         Code  Gb  ldexp.o [6]
ldexpl                   0x800'0741         Code  Gb  ldexp.o [6]
lnbias                   0x800'0fd0  0x420  Data  Lc  pow64.o [6]
main                     0x800'3369   0x74  Code  Gb  main.o [1]
maxTemp                 0x2000'059c    0x2  Data  Gb  Protection.o [2]
minTemp                 0x2000'059a    0x2  Data  Gb  Protection.o [2]
minVoltage              0x2000'0598    0x2  Data  Gb  Protection.o [2]
notes                   0x2000'0510   0x40  Data  Gb  ProcessMidiEvents.o [4]
offAllNotes              0x800'2d6d   0x1e  Code  Gb  ProcessMidiEvents.o [4]
offInterrupter           0x800'1d99   0x14  Code  Gb  ProcessInterrupterData.o [3]
playNotes                0x800'1a09   0x72  Code  Gb  Util.o [2]
portamentoTime          0x2000'062a    0x2  Data  Gb  Util.o [2]
pow                      0x800'00c1  0x5ac  Code  Gb  pow64.o [6]
powl                     0x800'00c1  0x5ac  Code  Gb  pow64.o [6]
processADSR              0x800'3131   0xba  Code  Gb  MidiControllers.o [4]
processBluetooth         0x800'1cb1   0x8c  Code  Gb  BluetoothConfig.o [2]
processBluetoothEventTimer
                         0x800'1b01   0x1e  Code  Gb  BluetoothConfig.o [2]
processFrames            0x800'16dd  0x112  Code  Gb  Serial.o [2]
processLed               0x800'27eb   0xf4  Code  Gb  Led.o [2]
processMidiControllers   0x800'31eb   0x4a  Code  Gb  MidiControllers.o [4]
processMidiEvents        0x800'2ce9   0x50  Code  Gb  ProcessMidiEvents.o [4]
processMidiNotes         0x800'2cd1   0x18  Code  Gb  ProcessMidiEvents.o [4]
processModulater         0x800'1e5d   0x44  Code  Gb  ProcessInterrupterData.o [3]
processPlayer            0x800'2ffd   0x64  Code  Gb  Player.o [4]
processPortamento        0x800'310d   0x24  Code  Gb  MidiControllers.o [4]
processProtection        0x800'2bd1   0xb0  Code  Gb  Protection.o [2]
processRequestsPlayer    0x800'307d   0x46  Code  Gb  Player.o [4]
processTimer             0x800'26b5   0xa4  Code  Gb  Timers.o [2]
processTxFrames          0x800'156b   0x36  Code  Gb  Serial.o [2]
resetMidiPlayer          0x800'1ed1   0x1e  Code  Gb  ProcessMidiData.o [3]
resetTimerRequestsPlayer
                         0x800'2ff5    0x8  Code  Gb  Player.o [4]
rxData                  0x2000'05fe    0x1  Data  Gb  Serial.o [2]
scalbln                  0x800'0741         Code  Gb  ldexp.o [6]
scalblnl                 0x800'0741         Code  Gb  ldexp.o [6]
scalbn                   0x800'0741         Code  Gb  ldexp.o [6]
scalbnl                  0x800'0741         Code  Gb  ldexp.o [6]
setAttack                0x800'1ff5   0x16  Code  Gb  ProcessMidiData.o [3]
setBaudrateUsart         0x800'14d1   0x1a  Code  Gb  Serial.o [2]
setBluetoothEvent        0x800'1b27    0x6  Code  Gb  BluetoothConfig.o [2]
setCurrentTick           0x800'1ef1   0x3c  Code  Gb  ProcessMidiData.o [3]
setDecay                 0x800'200b   0x16  Code  Gb  ProcessMidiData.o [3]
setEnableOutPin          0x800'2a3d   0x14  Code  Gb  Protection.o [2]
setEnableTimer           0x800'2531   0xd0  Code  Gb  Timers.o [2]
setEnbale                0x800'1dad   0x2a  Code  Gb  ProcessInterrupterData.o [3]
setEndRequest            0x800'1fed    0x8  Code  Gb  ProcessMidiData.o [3]
setFreqdTimer            0x800'266f   0x22  Code  Gb  Timers.o [2]
setFrequency             0x800'1dff   0x12  Code  Gb  ProcessInterrupterData.o [3]
setKey1                  0x800'1d69   0x10  Code  Gb  ProcessSystemData.o [3]
setKey2                  0x800'1d79    0xe  Code  Gb  ProcessSystemData.o [3]
setMaxTick               0x800'1fab   0x14  Code  Gb  ProcessMidiData.o [3]
setMidiEvent             0x800'1f61   0x24  Code  Gb  ProcessMidiData.o [3]
setMidiEventTick         0x800'1f85   0x26  Code  Gb  ProcessMidiData.o [3]
setModulater             0x800'1e11   0x4c  Code  Gb  ProcessInterrupterData.o [3]
setOnePulseTimer         0x800'2625   0x2a  Code  Gb  Timers.o [2]
setPW                    0x800'1deb   0x14  Code  Gb  ProcessInterrupterData.o [3]
setPeriodTimer           0x800'265d   0x12  Code  Gb  Timers.o [2]
setPitchBendTimer        0x800'19a1   0x68  Code  Gb  Util.o [2]
setPortamentoTime        0x800'1fd7   0x16  Code  Gb  ProcessMidiData.o [3]
setPulse                 0x800'1dd7   0x14  Code  Gb  ProcessInterrupterData.o [3]
setPulseTimer            0x800'264f    0xe  Code  Gb  Timers.o [2]
setRelease               0x800'2029   0x16  Code  Gb  ProcessMidiData.o [3]
setResolution            0x800'1f4d   0x14  Code  Gb  ProcessMidiData.o [3]
setStartMidiPlayer       0x800'1ea5   0x16  Code  Gb  ProcessMidiData.o [3]
setStateLed              0x800'27e5    0x6  Code  Gb  Led.o [2]
setStopMidiPlayer        0x800'1ebb   0x16  Code  Gb  ProcessMidiData.o [3]
setSustain               0x800'2021    0x8  Code  Gb  ProcessMidiData.o [3]
setTempo                 0x800'1f2d   0x20  Code  Gb  ProcessMidiData.o [3]
setUseVelocity           0x800'1fc7   0x10  Code  Gb  ProcessMidiData.o [3]
setVolume                0x800'1fbf    0x8  Code  Gb  ProcessMidiData.o [3]
strchr                   0x800'27d1         Code  Gb  strchr.o [7]
strlen                   0x800'2a2d         Code  Gb  strlen.o [7]
strstr                   0x800'1ad1   0x2e  Code  Gb  strstr.o [5]
sum                     0x2000'05fc    0x1  Data  Gb  Serial.o [2]
timeOffModulater        0x2000'0616    0x2  Data  Gb  ProcessInterrupterData.o [3]
timeOnModulater         0x2000'0614    0x2  Data  Gb  ProcessInterrupterData.o [3]
timeOutBluetoothEventTimer
                        0x2000'000c    0x2  Data  Gb  BluetoothConfig.o [2]
trackEnd                 0x800'2fd5   0x16  Code  Gb  Player.o [4]
txBuff                  0x2000'05c8   0x34  Data  Gb  Serial.o [2]
txSum                   0x2000'0628    0x1  Data  Gb  Serial.o [2]
valuesAdc               0x2000'0594    0x4  Data  Gb  Protection.o [2]
valuesTemp              0x2000'05b4   0x14  Data  Gb  Protection.o [2]
valuesVoltage           0x2000'05a0   0x14  Data  Gb  Protection.o [2]


[1] = C:\Users\Dazer\Documents\GitHub\Tesla_coil_V1\soft\TeslaCoilV1.0.2\Debug\Obj
[2] = C:\Users\Dazer\Documents\GitHub\Tesla_coil_V1\soft\TeslaCoilV1.0.2\Debug\Obj\rsc
[3] = C:\Users\Dazer\Documents\GitHub\Tesla_coil_V1\soft\TeslaCoilV1.0.2\Debug\Obj\rsc\ProcessingData
[4] = C:\Users\Dazer\Documents\GitHub\Tesla_coil_V1\soft\TeslaCoilV1.0.2\Debug\Obj\rsc\midi
[5] = dl6M_tln.a
[6] = m6M_tl.a
[7] = rt6M_tl.a
[8] = shb_l.a

  12'294 bytes of readonly  code memory
   1'459 bytes of readonly  data memory
   2'603 bytes of readwrite data memory

Errors: none
Warnings: none
