###############################################################################
#
# IAR ELF Linker V3.10.1.201 for STM8                     10/Jul/2021  21:35:25
# Copyright 2010-2017 IAR Systems AB.
#
#    Output file  =  
#        C:\Users\Dazer\Documents\GitHub\Tesla_coil_V1\soft\TeslaCoilStm8\Debug\Exe\TeslaCoil.out
#    Map file     =  
#        C:\Users\Dazer\Documents\GitHub\Tesla_coil_V1\soft\TeslaCoilStm8\Debug\List\TeslaCoil.map
#    Command line =  
#        -f C:\Users\Dazer\AppData\Local\Temp\EWBAAC.tmp
#        (C:\Users\Dazer\Documents\GitHub\Tesla_coil_V1\soft\TeslaCoilStm8\Debug\Obj\Led.o
#        C:\Users\Dazer\Documents\GitHub\Tesla_coil_V1\soft\TeslaCoilStm8\Debug\Obj\main.o
#        C:\Users\Dazer\Documents\GitHub\Tesla_coil_V1\soft\TeslaCoilStm8\Debug\Obj\System.o
#        C:\Users\Dazer\Documents\GitHub\Tesla_coil_V1\soft\TeslaCoilStm8\Debug\Obj\Timer.o
#        --redirect _Printf=_PrintfFullNoMb --redirect _Scanf=_ScanfFullNoMb -o
#        C:\Users\Dazer\Documents\GitHub\Tesla_coil_V1\soft\TeslaCoilStm8\Debug\Exe\TeslaCoil.out
#        --map
#        C:\Users\Dazer\Documents\GitHub\Tesla_coil_V1\soft\TeslaCoilStm8\Debug\List\TeslaCoil.map
#        --config "C:\Program Files (x86)\IAR Systems\Embedded Workbench
#        8.0\stm8\config\lnkstm8s003f3.icf" --config_def _CSTACK_SIZE=0x100
#        --config_def _HEAP_SIZE=0x100 --entry __iar_program_start --debug_lib)
#
###############################################################################

*******************************************************************************
*** RUNTIME MODEL ATTRIBUTES
***

__SystemLibrary            = DLib
__code_model               = small
__core                     = stm8
__data_model               = medium
__dlib_file_descriptor     = 0
__dlib_full_locale_support = 0
__rt_version               = 4


*******************************************************************************
*** PLACEMENT SUMMARY
***

"A0":  place at start of [0x000000-0x0000ff] { rw section .vregs };
"A1":  place at end of [0x000000-0x0003ff] { block CSTACK };
"P2":  place in [from 0x000000 to 0x0003ff] {
          block HEAP, rw section __DLIB_PERTHREAD, rw section .far.bss,
          rw section .far.data, rw section .far.noinit,
          rw section .far_func.textrw, rw section .huge.bss,
          rw section .huge.data, rw section .huge.noinit,
          rw section .huge_func.textrw, rw section .iar.dynexit,
          rw section .near.bss, rw section .near.data, rw section .near.noinit,
          rw section .near_func.textrw };
"A2":  place at start of [0x008000-0x009fff] { block INTVEC };
"P3":  place in [from 0x008000 to 0x009fff] {
          ro section __DLIB_PERTHREAD_init, ro section .far.data_init,
          ro section .far_func.textrw_init, ro section .huge.data_init,
          ro section .huge_func.textrw_init, ro section .iar.init_table,
          ro section .init_array, ro section .near.data_init,
          ro section .near.rodata, ro section .near_func.text,
          ro section .near_func.textrw_init, ro section .tiny.data_init,
          ro section .tiny.rodata_init };
"P4":  place in [from 0x008000 to 0x009fff] {
          ro section .far.rodata, ro section .far_func.text };
"P5":  place in [from 0x008000 to 0x009fff] {
          ro section .huge.rodata, ro section .huge_func.text };
do not initialize {
   rw section .eeprom.noinit, rw section .far.noinit, rw section .huge.noinit,
   rw section .near.noinit, rw section .tiny.noinit, rw section .vregs };

  Section          Kind      Address   Size  Object
  -------          ----      -------   ----  ------
"A0":                                   0xc
  .vregs           uninit   0x000000    0xc  vregs.o [4]
                          - 0x00000c    0xc

"P2":                                   0x6
  .near.bss        zero     0x00000c    0x2  Led.o [1]
  .near.bss        zero     0x00000e    0x2  Timer.o [1]
  .near.bss        zero     0x000010    0x1  Led.o [1]
  .near.bss        zero     0x000011    0x1  Led.o [1]
                          - 0x000012    0x6

"A1":                                 0x100
  CSTACK                    0x000300  0x100  <Block>
    CSTACK         uninit   0x000300  0x100  <Block tail>
                          - 0x000400  0x100

"A2":                                  0x80
  INTVEC                    0x008000   0x80  <Block>
    .intvec        const    0x008000   0x80  interrupt.o [4]
                          - 0x008080   0x80

"P3-P5":                              0x257
  .near_func.text  ro code  0x008080   0xb8  long.o [4]
  .near_func.text  ro code  0x008138   0x31  main.o [1]
  .near_func.text  ro code  0x008169   0x30  Led.o [1]
  .near_func.text  ro code  0x008199   0x25  System.o [1]
  .iar.init_table  const    0x0081be    0x8  - Linker created -
  .near_func.text  ro code  0x0081c6   0x1e  init_small.o [4]
  .near_func.text  ro code  0x0081e4   0x18  vreg_util.o [4]
  .near_func.text  ro code  0x0081fc   0x17  Timer.o [1]
  .near_func.text  ro code  0x008213   0x14  init.o [4]
  .near_func.text  ro code  0x008227   0x14  __dbg_xxexit.o [3]
  .near_func.text  ro code  0x00823b   0x13  cstartup.o [4]
  .near_func.text  ro code  0x00824e   0x12  Timer.o [1]
  .near_func.text  ro code  0x008260   0x11  System.o [1]
  .near_func.text  ro code  0x008271   0x11  System.o [1]
  .near_func.text  ro code  0x008282    0xd  Timer.o [1]
  .near_func.text  ro code  0x00828f    0xd  dc_util.o [4]
  .near_func.text  ro code  0x00829c    0xc  long_util.o [4]
  .near_func.text  ro code  0x0082a8    0x9  Led.o [1]
  .near_func.text  ro code  0x0082b1    0x9  Timer.o [1]
  .near_func.text  ro code  0x0082ba    0x7  Led.o [1]
  .near_func.text  ro code  0x0082c1    0x5  cexit.o [4]
  .near_func.text  ro code  0x0082c6    0x4  Timer.o [1]
  .near_func.text  ro code  0x0082ca    0x3  interrupt.o [4]
  .near_func.text  ro code  0x0082cd    0x3  low_level_init.o [4]
  .near_func.text  ro code  0x0082d0    0x3  exit.o [4]
  .near_func.text  ro code  0x0082d3    0x3  unhandled_exception.o [4]
  .near_func.text  ro code  0x0082d6    0x1  __dbg_break.o [3]
                          - 0x0082d7  0x257


*******************************************************************************
*** INIT TABLE
***

          Address   Size
          -------   ----
Zero (__iar_zero_init2)
    1 destination range, total size 0x6:
          0x00000c   0x6



*******************************************************************************
*** MODULE SUMMARY
***

    Module                 ro code  ro data  rw data
    ------                 -------  -------  -------
C:\Users\Dazer\Documents\GitHub\Tesla_coil_V1\soft\TeslaCoilStm8\Debug\Obj: [1]
    Led.o                       64                 4
    System.o                    71
    Timer.o                     67                 2
    main.o                      49
    ------------------------------------------------
    Total:                     251                 6

command line: [2]
    ------------------------------------------------
    Total:

dbgstm8smd.a: [3]
    __dbg_break.o                1
    __dbg_xxexit.o              20
    ------------------------------------------------
    Total:                      21

dlstm8smn.a: [4]
    cexit.o                      5
    cstartup.o                  19
    dc_util.o                   13
    exit.o                       3
    init.o                      20
    init_small.o                30
    interrupt.o                  3      128
    long.o                     184
    long_util.o                 12
    low_level_init.o             3
    unhandled_exception.o        3
    vreg_util.o                 24
    vregs.o                                       12
    ------------------------------------------------
    Total:                     319      128       12

    Linker created                        8      256
----------------------------------------------------
    Grand Total:               591      136      274


*******************************************************************************
*** ENTRY LIST
***

Entry                    Address  Size  Type      Object
-----                    -------  ----  ----      ------
.iar.init_table$$Base   0x0081be         --   Gb  - Linker created -
.iar.init_table$$Limit  0x0081c6         --   Gb  - Linker created -
?b0                     0x000000        Data  Gb  vregs.o [4]
?b1                     0x000001        Data  Gb  vregs.o [4]
?b10                    0x00000a        Data  Gb  vregs.o [4]
?b11                    0x00000b        Data  Gb  vregs.o [4]
?b2                     0x000002        Data  Gb  vregs.o [4]
?b3                     0x000003        Data  Gb  vregs.o [4]
?b4                     0x000004        Data  Gb  vregs.o [4]
?b5                     0x000005        Data  Gb  vregs.o [4]
?b6                     0x000006        Data  Gb  vregs.o [4]
?b7                     0x000007        Data  Gb  vregs.o [4]
?b8                     0x000008        Data  Gb  vregs.o [4]
?b9                     0x000009        Data  Gb  vregs.o [4]
?dc32_l0                0x00828f        Code  Gb  dc_util.o [4]
?e0                     0x000001        Data  Gb  vregs.o [4]
?e1                     0x000005        Data  Gb  vregs.o [4]
?e2                     0x000009        Data  Gb  vregs.o [4]
?l0                     0x000000        Data  Gb  vregs.o [4]
?l1                     0x000004        Data  Gb  vregs.o [4]
?l2                     0x000008        Data  Gb  vregs.o [4]
?load32_l0_0x           0x00829c        Code  Gb  long_util.o [4]
?push_w4                0x0081e4        Code  Gb  vreg_util.o [4]
?sdiv32_l0_dl_l1        0x0080ed        Code  Gb  long.o [4]
?sdiv32_l0_l0_l1        0x0080f2        Code  Gb  long.o [4]
?smod32_l1_l0_l1        0x0080f2        Code  Gb  long.o [4]
?udiv32_l0_l0_l1        0x008080        Code  Gb  long.o [4]
?umod32_l1_l0_l1        0x008080        Code  Gb  long.o [4]
?w0                     0x000000        Data  Gb  vregs.o [4]
?w1                     0x000002        Data  Gb  vregs.o [4]
?w2                     0x000004        Data  Gb  vregs.o [4]
?w3                     0x000006        Data  Gb  vregs.o [4]
?w4                     0x000008        Data  Gb  vregs.o [4]
?w5                     0x00000a        Data  Gb  vregs.o [4]
CSTACK$$Base            0x000300         --   Gb  - Linker created -
CSTACK$$Limit           0x000400         --   Gb  - Linker created -
EnablePulse             0x008282   0xd  Code  Gb  Timer.o [1]
INTVEC$$Base            0x008000         --   Gb  - Linker created -
INTVEC$$Limit           0x008080         --   Gb  - Linker created -
Pin6_interrupt          0x00824e  0x12  Code  Gb  Timer.o [1]
Pulse                   0x00000e   0x2  Data  Gb  Timer.o [1]
Region$$Table$$Base     0x0081be         --   Gb  - Linker created -
Region$$Table$$Limit    0x0081c6         --   Gb  - Linker created -
SetPulseWhith           0x0082c6   0x4  Code  Gb  Timer.o [1]
__DebugBreak            0x0082d6   0x1  Code  Gb  __dbg_break.o [3]
__exit                  0x008227  0x14  Code  Gb  __dbg_xxexit.o [3]
__iar_data_init2        0x008213  0x14  Code  Gb  init.o [4]
__iar_program_start     0x00823b        Code  Gb  cstartup.o [4]
__iar_unhandled_exception
                        0x0082d3        Code  Gb  unhandled_exception.o [4]
__iar_zero_init2        0x0081c6        Code  Gb  init_small.o [4]
__intvec                0x008000        Data  Gb  interrupt.o [4]
__low_level_init        0x0082cd   0x3  Code  Gb  low_level_init.o [4]
_exit                   0x0082c1        Code  Gb  cexit.o [4]
_interrupt_15           0x00824e        Code  Gb  Timer.o [1]
countBlinks             0x000010   0x1  Data  Gb  Led.o [1]
countDelay              0x00000c   0x2  Data  Gb  Led.o [1]
currentState            0x000011   0x1  Data  Gb  Led.o [1]
exit                    0x0082d0   0x3  Code  Gb  exit.o [4]
initClock               0x008260  0x11  Code  Gb  System.o [1]
initGpio                0x008199  0x25  Code  Gb  System.o [1]
initSystemTimer         0x008271  0x11  Code  Gb  System.o [1]
initTimer               0x0082b1   0x9  Code  Gb  Timer.o [1]
main                    0x008138  0x31  Code  Gb  main.o [1]
processLed              0x008169  0x30  Code  Gb  Led.o [1]
setFreq                 0x0081fc  0x17  Code  Gb  Timer.o [1]
setStateLed             0x0082ba   0x7  Code  Gb  Led.o [1]


[1] = C:\Users\Dazer\Documents\GitHub\Tesla_coil_V1\soft\TeslaCoilStm8\Debug\Obj
[2] = command line
[3] = dbgstm8smd.a
[4] = dlstm8smn.a

  591 bytes of readonly  code memory
  136 bytes of readonly  data memory
  274 bytes of readwrite data memory

Errors: none
Warnings: none
